// Jest Snapshot v1, https://goo.gl/fbAQLP

exports[`axios get Data 1`] = `
[
  "1",
  "2",
  "3",
]
`;
